Mar 2023 Tue, 11:02:44 PM	b81c5310-684f-4099-b56a-8f3a477d8c1d	error
Mar 2023 Tue, 11:03:32 PM	77c7cbc1-f6ec-4211-8b8d-6e03ed8b1eb1	Not Allowed By CORS Policy
Mar 2023 Tue, 11:04:22 PM	bc9f5a28-3ed0-43c4-966f-82e6d35964d0	Error Not Allowed By CORS Policy
Mar 2023 Tue, 11:04:46 PM	7bf7631c-4315-441b-bd1d-4937f6e44df9	Error: Not Allowed By CORS Policy
